// Jest Snapshot v1, https://goo.gl/fbAQLP

exports[`once the builder group has rendered renders with state correctly 1`] = `
<section
  className="builder-group"
>
  <h2>
    Test
  </h2>
  <ul
    className="flex-row flex-row--columns-2"
  >
    <BuilderGroupDetailComponent
      builderGroup={
        BuilderGroup {
          "details": Array [
            BuilderGroupDetail {
              "description": "Test Detail",
              "id": "bgd-1",
              "modelName": "testDetail",
            },
            BuilderGroupDetail {
              "description": "Another Detail",
              "id": "bgd-2",
              "modelName": "anotherDetail",
            },
          ],
          "id": "bg-1",
          "modelName": null,
          "title": "Test",
        }
      }
      builderGroupDetail={
        BuilderGroupDetail {
          "description": "Test Detail",
          "id": "bgd-1",
          "modelName": "testDetail",
        }
      }
      key="bgd-1"
      modelValue={null}
      onDetailUpdated={[Function]}
    />
    <BuilderGroupDetailComponent
      builderGroup={
        BuilderGroup {
          "details": Array [
            BuilderGroupDetail {
              "description": "Test Detail",
              "id": "bgd-1",
              "modelName": "testDetail",
            },
            BuilderGroupDetail {
              "description": "Another Detail",
              "id": "bgd-2",
              "modelName": "anotherDetail",
            },
          ],
          "id": "bg-1",
          "modelName": null,
          "title": "Test",
        }
      }
      builderGroupDetail={
        BuilderGroupDetail {
          "description": "Another Detail",
          "id": "bgd-2",
          "modelName": "anotherDetail",
        }
      }
      key="bgd-2"
      modelValue={null}
      onDetailUpdated={[Function]}
    />
  </ul>
</section>
`;
