// Jest Snapshot v1, https://goo.gl/fbAQLP

exports[`once rendered renders with state correctly 1`] = `
<section
  className="vcard"
>
  <header
    className="vcard__header"
  >
    <h2
      className="vcard__heading fn"
      title=""
    />
    <figure
      className="vcard__photo-wrapper"
    >
      <img
        alt="avatar"
        className="photo"
        src="test-file-stub"
      />
    </figure>
  </header>
  <span
    className="vcard__banner"
  >
    HCARD PREVIEW
  </span>
  <dl
    className="vcard__details adr"
  >
    <HCardDetail
      columns={1}
      label="Email"
    >
      <HCardProperty
        name="email"
        value=""
      />
    </HCardDetail>
    <HCardDetail
      columns={1}
      label="Phone"
    >
      <HCardProperty
        name="tel"
        value=""
      >
        <HCardProperty
          name="type"
          value="home"
        />
      </HCardProperty>
    </HCardDetail>
    <HCardDetail
      columns={1}
      label="Address"
    >
      <HCardProperty
        name="street-address"
        value=""
      />
    </HCardDetail>
    <HCardDetail
      columns={1}
      label={null}
    >
      <HCardProperty
        name="locality"
        value=""
      />
      <span />
      <HCardProperty
        abbreviation={null}
        name="region"
        value=""
      />
    </HCardDetail>
    <HCardDetail
      columns={2}
      label="Post Code"
    >
      <HCardProperty
        name="postal-code"
        value=""
      />
    </HCardDetail>
    <HCardDetail
      columns={2}
      label="Country"
    >
      <HCardProperty
        name="country"
        value=""
      />
    </HCardDetail>
  </dl>
</section>
`;
